// Jest Snapshot v1, https://goo.gl/fbAQLP

exports[`Missions component 1`] = `
<section
  className="main"
/>
`;
