// Jest Snapshot v1, https://goo.gl/fbAQLP

exports[`Rockets component 1`] = `<div />`;
